/home/user/Spherical-robot/rl/train_loco.py:68: UserWarning: Converting a tensor with requires_grad=True to a scalar may lead to unexpected behavior.
Consider using tensor.detach() first. (Triggered internally at /__w/pytorch/pytorch/torch/csrc/autograd/generated/python_variable_methods.cpp:820.)
  std = float(agent.actor.log_std.exp().mean())
it   10 steps   0.06M sps   2005 rew 0.109 ev 0.73 ew 0.54 fall 0.500 vmax 4.0 kl 0.0067 lr 1.0e-03 std 0.30
/usr/local/lib/python3.11/dist-packages/torch/jit/_trace.py:1006: FutureWarning: `torch.jit.trace` is deprecated. Please switch to `torch.compile` or `torch.export`.
  warnings.warn(
/usr/local/lib/python3.11/dist-packages/torch/jit/_trace.py:1145: FutureWarning: `torch.jit.trace_method` is deprecated. Please switch to `torch.compile` or `torch.export`.
  warnings.warn(
it   20 steps   0.12M sps   2005 rew 0.090 ev 0.87 ew 0.65 fall 0.600 vmax 4.0 kl 0.0082 lr 1.0e-03 std 0.30
it   30 steps   0.18M sps   2004 rew 0.106 ev 0.61 ew 0.66 fall 0.250 vmax 4.0 kl 0.0079 lr 1.0e-03 std 0.30
it   40 steps   0.25M sps   1979 rew 0.119 ev 0.72 ew 0.37 fall 0.000 vmax 4.0 kl 0.0065 lr 1.0e-03 std 0.29
it   50 steps   0.31M sps   1968 rew 0.117 ev 0.63 ew 0.53 fall 0.000 vmax 4.0 kl 0.0100 lr 1.0e-03 std 0.29
it   60 steps   0.37M sps   1968 rew 0.104 ev 0.71 ew 0.61 fall 0.222 vmax 4.0 kl 0.0091 lr 1.0e-03 std 0.29
it   70 steps   0.43M sps   1972 rew 0.097 ev 0.84 ew 0.68 fall 0.000 vmax 4.0 kl 0.0132 lr 1.0e-03 std 0.29
it   80 steps   0.49M sps   1963 rew 0.099 ev 0.78 ew 0.68 fall 0.750 vmax 4.0 kl 0.0167 lr 1.0e-03 std 0.29
it   90 steps   0.55M sps   1964 rew 0.104 ev 0.83 ew 0.55 fall 0.200 vmax 4.0 kl 0.0185 lr 1.0e-03 std 0.29
it  100 steps   0.61M sps   1966 rew 0.102 ev 0.85 ew 0.55 fall 0.333 vmax 4.0 kl 0.0139 lr 1.0e-03 std 0.29
it  110 steps   0.68M sps   1972 rew 0.115 ev 0.58 ew 0.58 fall 0.000 vmax 4.0 kl 0.0183 lr 6.7e-04 std 0.30
it  120 steps   0.74M sps   1976 rew 0.107 ev 0.83 ew 0.51 fall 0.000 vmax 4.0 kl 0.0142 lr 1.0e-03 std 0.31
it  130 steps   0.80M sps   1975 rew 0.108 ev 0.70 ew 0.58 fall 0.000 vmax 4.0 kl 0.0173 lr 6.7e-04 std 0.31
it  140 steps   0.86M sps   1974 rew 0.097 ev 0.96 ew 0.51 fall 0.111 vmax 4.0 kl 0.0124 lr 1.0e-03 std 0.31
it  150 steps   0.92M sps   1976 rew 0.110 ev 0.83 ew 0.46 fall 0.200 vmax 4.0 kl 0.0172 lr 6.7e-04 std 0.31
it  160 steps   0.98M sps   1975 rew 0.110 ev 0.75 ew 0.52 fall 0.200 vmax 4.0 kl 0.0186 lr 1.0e-03 std 0.32
it  170 steps   1.04M sps   1979 rew 0.122 ev 0.73 ew 0.36 fall 0.200 vmax 4.0 kl 0.0243 lr 4.4e-04 std 0.32
it  180 steps   1.11M sps   1978 rew 0.109 ev 0.82 ew 0.50 fall 0.000 vmax 4.0 kl 0.0092 lr 6.7e-04 std 0.32
it  190 steps   1.17M sps   1978 rew 0.097 ev 0.83 ew 0.64 fall 0.000 vmax 4.0 kl 0.0165 lr 6.7e-04 std 0.33
it  200 steps   1.23M sps   1981 rew 0.108 ev 0.82 ew 0.44 fall 0.000 vmax 4.0 kl 0.0259 lr 2.0e-04 std 0.34
it  210 steps   1.29M sps   1976 rew 0.092 ev 1.08 ew 0.47 fall 0.111 vmax 4.0 kl 0.0167 lr 3.0e-04 std 0.34
it  220 steps   1.35M sps   1980 rew 0.125 ev 0.51 ew 0.39 fall 0.125 vmax 4.0 kl 0.0284 lr 4.4e-04 std 0.35
/home/user/Spherical-robot/rl/train_loco.py:69: UserWarning: Converting a tensor with requires_grad=True to a scalar may lead to unexpected behavior.
Consider using tensor.detach() first. (Triggered internally at /__w/pytorch/pytorch/torch/csrc/autograd/generated/python_variable_methods.cpp:820.)
  std = float(agent.actor.log_std.exp().mean())
it   10 steps   1.41M sps   2150 rew 0.111 ev 0.82 ew 0.42 fall 0.000 vmax 4.0 kl 0.0114 lr 4.4e-04 std 0.35
/usr/local/lib/python3.11/dist-packages/torch/jit/_trace.py:1006: FutureWarning: `torch.jit.trace` is deprecated. Please switch to `torch.compile` or `torch.export`.
  warnings.warn(
/usr/local/lib/python3.11/dist-packages/torch/jit/_trace.py:1145: FutureWarning: `torch.jit.trace_method` is deprecated. Please switch to `torch.compile` or `torch.export`.
  warnings.warn(
it   20 steps   1.47M sps   2145 rew 0.098 ev 0.93 ew 0.47 fall 0.000 vmax 4.0 kl 0.0207 lr 6.7e-04 std 0.36
it   30 steps   1.54M sps   2141 rew 0.107 ev 0.63 ew 0.56 fall 0.000 vmax 4.0 kl 0.0256 lr 3.0e-04 std 0.37
it   40 steps   1.60M sps   2134 rew 0.125 ev 0.59 ew 0.36 fall 0.026 vmax 4.0 kl 0.0162 lr 1.0e-03 std 0.37
it   50 steps   1.66M sps   2125 rew 0.112 ev 0.91 ew 0.38 fall 0.000 vmax 4.0 kl 0.0163 lr 1.0e-03 std 0.37
it   60 steps   1.72M sps   2117 rew 0.109 ev 0.72 ew 0.46 fall 0.500 vmax 4.0 kl 0.0261 lr 4.4e-04 std 0.37
it   70 steps   1.78M sps   2109 rew 0.105 ev 0.94 ew 0.45 fall 0.000 vmax 4.0 kl 0.0141 lr 1.0e-03 std 0.37
it   80 steps   1.84M sps   2103 rew 0.113 ev 0.83 ew 0.42 fall 0.500 vmax 4.0 kl 0.0135 lr 6.7e-04 std 0.38
it   90 steps   1.90M sps   2099 rew 0.109 ev 0.70 ew 0.44 fall 0.167 vmax 4.0 kl 0.0138 lr 6.7e-04 std 0.39
it  100 steps   1.97M sps   2094 rew 0.114 ev 0.71 ew 0.43 fall 0.125 vmax 4.0 kl 0.0159 lr 6.7e-04 std 0.39
it  110 steps   2.03M sps   2092 rew 0.120 ev 0.63 ew 0.40 fall 0.000 vmax 4.0 kl 0.0179 lr 6.7e-04 std 0.39
it  120 steps   2.09M sps   2089 rew 0.117 ev 0.72 ew 0.38 fall 0.000 vmax 4.0 kl 0.0243 lr 3.0e-04 std 0.40
it  130 steps   2.15M sps   2086 rew 0.109 ev 0.79 ew 0.44 fall 0.200 vmax 4.0 kl 0.0331 lr 3.0e-04 std 0.40
it  140 steps   2.21M sps   2083 rew 0.127 ev 0.63 ew 0.35 fall 0.000 vmax 4.0 kl 0.0147 lr 4.4e-04 std 0.41
it  150 steps   2.27M sps   2084 rew 0.119 ev 0.74 ew 0.39 fall 0.333 vmax 4.0 kl 0.0109 lr 4.4e-04 std 0.41
it  160 steps   2.33M sps   2086 rew 0.097 ev 1.08 ew 0.48 fall 0.000 vmax 4.0 kl 0.0116 lr 1.0e-03 std 0.42
it  170 steps   2.40M sps   2084 rew 0.114 ev 0.66 ew 0.45 fall 0.143 vmax 4.0 kl 0.0087 lr 4.4e-04 std 0.43
it  180 steps   2.46M sps   2083 rew 0.104 ev 0.75 ew 0.54 fall 0.000 vmax 4.0 kl 0.0203 lr 4.4e-04 std 0.43
it  190 steps   2.52M sps   2083 rew 0.110 ev 0.81 ew 0.42 fall 0.000 vmax 4.0 kl 0.0190 lr 6.7e-04 std 0.44
curriculum -> v_max 5.0 difficulty 0.625
it  200 steps   2.58M sps   2082 rew 0.085 ev 0.98 ew 0.63 fall 0.286 vmax 5.0 kl 0.0180 lr 1.0e-03 std 0.44
it  210 steps   2.64M sps   2080 rew 0.098 ev 0.89 ew 0.55 fall 0.500 vmax 5.0 kl 0.0219 lr 4.4e-04 std 0.45
it  220 steps   2.70M sps   2078 rew 0.101 ev 1.01 ew 0.42 fall 0.111 vmax 5.0 kl 0.0223 lr 1.3e-04 std 0.45
it  230 steps   2.76M sps   2077 rew 0.086 ev 1.28 ew 0.51 fall 0.222 vmax 5.0 kl 0.0197 lr 1.0e-03 std 0.45
it  240 steps   2.83M sps   2076 rew 0.108 ev 0.84 ew 0.46 fall 0.000 vmax 5.0 kl 0.0220 lr 2.0e-04 std 0.46
it  250 steps   2.89M sps   2073 rew 0.109 ev 0.81 ew 0.48 fall 0.000 vmax 5.0 kl 0.0109 lr 4.4e-04 std 0.47
it  260 steps   2.95M sps   2070 rew 0.110 ev 0.92 ew 0.40 fall 0.250 vmax 5.0 kl 0.0188 lr 6.7e-04 std 0.48
it  270 steps   3.01M sps   2069 rew 0.101 ev 0.85 ew 0.56 fall 0.429 vmax 5.0 kl 0.0099 lr 3.0e-04 std 0.47
it  280 steps   3.07M sps   2069 rew 0.112 ev 0.76 ew 0.45 fall 0.167 vmax 5.0 kl 0.0115 lr 3.0e-04 std 0.48
it  290 steps   3.13M sps   2069 rew 0.099 ev 1.00 ew 0.51 fall 0.077 vmax 5.0 kl 0.0183 lr 1.0e-03 std 0.49
it  300 steps   3.19M sps   2068 rew 0.100 ev 0.97 ew 0.53 fall 0.182 vmax 5.0 kl 0.0248 lr 3.0e-04 std 0.50
it  310 steps   3.26M sps   2068 rew 0.099 ev 0.77 ew 0.53 fall 0.143 vmax 5.0 kl 0.0188 lr 6.7e-04 std 0.51
it  320 steps   3.32M sps   2066 rew 0.105 ev 0.88 ew 0.45 fall 0.000 vmax 5.0 kl 0.0268 lr 3.0e-04 std 0.52
it  330 steps   3.38M sps   2065 rew 0.093 ev 1.17 ew 0.50 fall 0.400 vmax 5.0 kl 0.0145 lr 6.7e-04 std 0.53
it  340 steps   3.44M sps   2064 rew 0.101 ev 0.98 ew 0.47 fall 0.200 vmax 5.0 kl 0.0153 lr 1.0e-03 std 0.53
it  350 steps   3.50M sps   2061 rew 0.102 ev 0.81 ew 0.46 fall 0.167 vmax 5.0 kl 0.0171 lr 1.0e-03 std 0.55
it  360 steps   3.56M sps   2060 rew 0.115 ev 0.84 ew 0.39 fall 0.000 vmax 5.0 kl 0.0147 lr 6.7e-04 std 0.56
it  370 steps   3.62M sps   2060 rew 0.112 ev 0.87 ew 0.43 fall 0.333 vmax 5.0 kl 0.0362 lr 3.0e-04 std 0.56
it  380 steps   3.69M sps   2059 rew 0.108 ev 0.87 ew 0.42 fall 0.167 vmax 5.0 kl 0.0103 lr 4.4e-04 std 0.57
it  390 steps   3.75M sps   2058 rew 0.114 ev 0.60 ew 0.52 fall 0.000 vmax 5.0 kl 0.0189 lr 6.7e-04 std 0.58
it  400 steps   3.81M sps   2058 rew 0.112 ev 0.76 ew 0.47 fall 0.125 vmax 5.0 kl 0.0218 lr 6.7e-04 std 0.58
curriculum -> v_max 6.0 difficulty 0.75
it  410 steps   3.87M sps   2055 rew 0.102 ev 1.01 ew 0.40 fall 0.286 vmax 6.0 kl 0.0210 lr 4.4e-04 std 0.58
it  420 steps   3.93M sps   2054 rew 0.100 ev 0.84 ew 0.45 fall 0.222 vmax 6.0 kl 0.0200 lr 6.7e-04 std 0.59
/home/user/Spherical-robot/rl/train_loco.py:69: UserWarning: Converting a tensor with requires_grad=True to a scalar may lead to unexpected behavior.
Consider using tensor.detach() first. (Triggered internally at /__w/pytorch/pytorch/torch/csrc/autograd/generated/python_variable_methods.cpp:820.)
  std = float(agent.actor.log_std.clamp(max=agent.actor.max_log_std).exp().mean())
it   10 steps   3.99M sps   2150 rew 0.093 ev 1.19 ew 0.55 fall 0.000 vmax 6.0 kl 0.0122 lr 3.0e-04 std 0.35
/usr/local/lib/python3.11/dist-packages/torch/jit/_trace.py:1006: FutureWarning: `torch.jit.trace` is deprecated. Please switch to `torch.compile` or `torch.export`.
  warnings.warn(
/usr/local/lib/python3.11/dist-packages/torch/jit/_trace.py:1145: FutureWarning: `torch.jit.trace_method` is deprecated. Please switch to `torch.compile` or `torch.export`.
  warnings.warn(
it   20 steps   4.06M sps   2150 rew 0.094 ev 1.11 ew 0.50 fall 0.250 vmax 6.0 kl 0.0172 lr 3.0e-04 std 0.35
it   30 steps   4.12M sps   2147 rew 0.090 ev 1.21 ew 0.50 fall 1.000 vmax 6.0 kl 0.0136 lr 3.0e-04 std 0.35
it   40 steps   4.18M sps   2147 rew 0.101 ev 0.95 ew 0.50 fall 0.133 vmax 6.0 kl 0.0153 lr 3.0e-04 std 0.35
it   50 steps   4.24M sps   2144 rew 0.110 ev 1.15 ew 0.33 fall 0.143 vmax 6.0 kl 0.0130 lr 3.0e-04 std 0.35
it   60 steps   4.30M sps   2141 rew 0.096 ev 1.03 ew 0.58 fall 0.167 vmax 6.0 kl 0.0117 lr 3.0e-04 std 0.35
it   70 steps   4.36M sps   2138 rew 0.106 ev 0.83 ew 0.53 fall 0.000 vmax 6.0 kl 0.0198 lr 3.0e-04 std 0.35
it   80 steps   4.42M sps   2135 rew 0.094 ev 1.11 ew 0.50 fall 0.375 vmax 6.0 kl 0.0161 lr 3.0e-04 std 0.35
it   90 steps   4.49M sps   2134 rew 0.097 ev 0.96 ew 0.53 fall 0.600 vmax 6.0 kl 0.0123 lr 3.0e-04 std 0.35
it  100 steps   4.55M sps   2132 rew 0.100 ev 1.06 ew 0.47 fall 0.125 vmax 6.0 kl 0.0138 lr 3.0e-04 std 0.35
it  110 steps   4.61M sps   2131 rew 0.097 ev 1.03 ew 0.50 fall 0.125 vmax 6.0 kl 0.0105 lr 3.0e-04 std 0.35
it  120 steps   4.67M sps   2130 rew 0.088 ev 1.49 ew 0.42 fall 0.375 vmax 6.0 kl 0.0117 lr 3.0e-04 std 0.35
it  130 steps   4.73M sps   2129 rew 0.092 ev 1.44 ew 0.43 fall 0.333 vmax 6.0 kl 0.0123 lr 3.0e-04 std 0.35
it  140 steps   4.79M sps   2128 rew 0.097 ev 1.04 ew 0.48 fall 0.200 vmax 6.0 kl 0.0081 lr 3.0e-04 std 0.35
it  150 steps   4.85M sps   2127 rew 0.090 ev 1.03 ew 0.57 fall 0.500 vmax 6.0 kl 0.0208 lr 2.0e-04 std 0.35
it  160 steps   4.92M sps   2126 rew 0.101 ev 0.97 ew 0.45 fall 0.000 vmax 6.0 kl 0.0162 lr 3.0e-04 std 0.35
it  170 steps   4.98M sps   2125 rew 0.092 ev 1.30 ew 0.47 fall 0.444 vmax 6.0 kl 0.0088 lr 3.0e-04 std 0.35
it  180 steps   5.04M sps   2123 rew 0.094 ev 1.28 ew 0.41 fall 0.500 vmax 6.0 kl 0.0240 lr 1.3e-04 std 0.35
it  190 steps   5.10M sps   2122 rew 0.097 ev 1.00 ew 0.42 fall 0.250 vmax 6.0 kl 0.0172 lr 3.0e-04 std 0.35
curriculum -> v_max 7.0 difficulty 0.875
it  200 steps   5.16M sps   2121 rew 0.080 ev 1.39 ew 0.56 fall 0.250 vmax 7.0 kl 0.0173 lr 3.0e-04 std 0.35
it  210 steps   5.22M sps   2121 rew 0.088 ev 1.14 ew 0.68 fall 0.300 vmax 7.0 kl 0.0152 lr 3.0e-04 std 0.35
it  220 steps   5.28M sps   2121 rew 0.080 ev 1.59 ew 0.45 fall 0.667 vmax 7.0 kl 0.0208 lr 2.0e-04 std 0.35
it  230 steps   5.35M sps   2119 rew 0.075 ev 1.64 ew 0.50 fall 0.444 vmax 7.0 kl 0.0095 lr 3.0e-04 std 0.35
it  240 steps   5.41M sps   2119 rew 0.082 ev 1.28 ew 0.63 fall 0.500 vmax 7.0 kl 0.0183 lr 3.0e-04 std 0.35
it  250 steps   5.47M sps   2118 rew 0.093 ev 1.18 ew 0.53 fall 1.000 vmax 7.0 kl 0.0169 lr 3.0e-04 std 0.35
it  260 steps   5.53M sps   2116 rew 0.078 ev 1.33 ew 0.70 fall 0.286 vmax 7.0 kl 0.0116 lr 3.0e-04 std 0.35
it  270 steps   5.59M sps   2116 rew 0.084 ev 1.30 ew 0.61 fall 0.429 vmax 7.0 kl 0.0156 lr 3.0e-04 std 0.35
it  280 steps   5.65M sps   2113 rew 0.086 ev 1.35 ew 0.47 fall 0.333 vmax 7.0 kl 0.0187 lr 3.0e-04 std 0.35
it  290 steps   5.71M sps   2111 rew 0.074 ev 1.45 ew 0.60 fall 0.333 vmax 7.0 kl 0.0190 lr 3.0e-04 std 0.35
it  300 steps   5.78M sps   2109 rew 0.084 ev 1.30 ew 0.59 fall 0.400 vmax 7.0 kl 0.0137 lr 3.0e-04 std 0.35
it  310 steps   5.84M sps   2108 rew 0.089 ev 1.35 ew 0.41 fall 0.125 vmax 7.0 kl 0.0165 lr 3.0e-04 std 0.35
it  320 steps   5.90M sps   2107 rew 0.076 ev 1.41 ew 0.59 fall 0.300 vmax 7.0 kl 0.0149 lr 3.0e-04 std 0.35
it  330 steps   5.96M sps   2104 rew 0.105 ev 0.92 ew 0.44 fall 0.500 vmax 7.0 kl 0.0210 lr 2.0e-04 std 0.35
it  340 steps   6.02M sps   2102 rew 0.086 ev 1.23 ew 0.59 fall 0.333 vmax 7.0 kl 0.0133 lr 3.0e-04 std 0.35
it  350 steps   6.08M sps   2101 rew 0.085 ev 1.36 ew 0.57 fall 0.571 vmax 7.0 kl 0.0201 lr 2.0e-04 std 0.35
it  360 steps   6.14M sps   2100 rew 0.069 ev 1.59 ew 0.64 fall 0.562 vmax 7.0 kl 0.0105 lr 3.0e-04 std 0.35
it  370 steps   6.21M sps   2099 rew 0.088 ev 1.40 ew 0.47 fall 0.143 vmax 7.0 kl 0.0171 lr 3.0e-04 std 0.35
