it    5  0.01M sps  251 rew -0.225 lvl 0.00/0.00 succ 0.03 coll 0.95 (dyn 0.00) fell 0.01 to 0.00 spl 0.03 kl 0.0089 lr 6.0e-04 std 0.39
it   10  0.02M sps  267 rew -0.137 lvl 0.02/0.10 succ 0.12 coll 0.87 (dyn 0.00) fell 0.01 to 0.00 spl 0.09 kl 0.0130 lr 4.0e-04 std 0.38
it   15  0.03M sps  273 rew 0.135 lvl 0.08/0.15 succ 0.32 coll 0.67 (dyn 0.00) fell 0.01 to 0.00 spl 0.24 kl 0.0130 lr 4.0e-04 std 0.38
it   20  0.04M sps  267 rew 0.101 lvl 0.15/0.25 succ 0.59 coll 0.41 (dyn 0.00) fell 0.00 to 0.00 spl 0.50 kl 0.0144 lr 1.2e-04 std 0.37
it   25  0.05M sps  264 rew 0.104 lvl 0.21/0.35 succ 0.63 coll 0.36 (dyn 0.00) fell 0.01 to 0.00 spl 0.58 kl 0.0117 lr 4.0e-04 std 0.37
it   30  0.06M sps  262 rew 0.083 lvl 0.25/0.35 succ 0.64 coll 0.35 (dyn 0.01) fell 0.01 to 0.00 spl 0.61 kl 0.0157 lr 2.7e-04 std 0.37
it   35  0.07M sps  174 rew 0.109 lvl 0.30/0.45 succ 0.64 coll 0.34 (dyn 0.01) fell 0.01 to 0.01 spl 0.62 kl 0.0111 lr 6.0e-04 std 0.36
it   40  0.08M sps  181 rew 0.162 lvl 0.36/0.45 succ 0.63 coll 0.35 (dyn 0.01) fell 0.01 to 0.01 spl 0.61 kl 0.0157 lr 4.0e-04 std 0.36
it   45  0.09M sps  186 rew 0.184 lvl 0.39/0.55 succ 0.62 coll 0.37 (dyn 0.01) fell 0.01 to 0.01 spl 0.59 kl 0.0116 lr 4.0e-04 std 0.36
it   50  0.10M sps  191 rew 0.085 lvl 0.41/0.55 succ 0.59 coll 0.41 (dyn 0.01) fell 0.00 to 0.00 spl 0.56 kl 0.0148 lr 2.7e-04 std 0.36
it   55  0.11M sps  195 rew 0.068 lvl 0.40/0.50 succ 0.56 coll 0.43 (dyn 0.02) fell 0.01 to 0.01 spl 0.53 kl 0.0166 lr 2.7e-04 std 0.36
it   60  0.12M sps  199 rew 0.094 lvl 0.41/0.55 succ 0.57 coll 0.41 (dyn 0.01) fell 0.01 to 0.01 spl 0.55 kl 0.0123 lr 4.0e-04 std 0.36
it   65  0.13M sps  202 rew 0.114 lvl 0.41/0.55 succ 0.55 coll 0.43 (dyn 0.01) fell 0.01 to 0.01 spl 0.53 kl 0.0143 lr 2.7e-04 std 0.36
it   70  0.14M sps  204 rew 0.091 lvl 0.41/0.55 succ 0.54 coll 0.45 (dyn 0.02) fell 0.01 to 0.01 spl 0.51 kl 0.0099 lr 6.0e-04 std 0.36
it   75  0.15M sps  207 rew 0.156 lvl 0.44/0.65 succ 0.56 coll 0.42 (dyn 0.03) fell 0.01 to 0.00 spl 0.54 kl 0.0137 lr 4.0e-04 std 0.36
it   80  0.16M sps  210 rew 0.119 lvl 0.47/0.60 succ 0.60 coll 0.39 (dyn 0.02) fell 0.01 to 0.00 spl 0.57 kl 0.0141 lr 1.8e-04 std 0.36
it   85  0.17M sps  212 rew 0.098 lvl 0.48/0.60 succ 0.58 coll 0.41 (dyn 0.01) fell 0.01 to 0.01 spl 0.55 kl 0.0158 lr 2.7e-04 std 0.36
it   90  0.18M sps  214 rew 0.084 lvl 0.49/0.65 succ 0.58 coll 0.41 (dyn 0.01) fell 0.00 to 0.01 spl 0.54 kl 0.0133 lr 1.8e-04 std 0.36
it   95  0.19M sps  216 rew 0.078 lvl 0.50/0.60 succ 0.56 coll 0.42 (dyn 0.01) fell 0.01 to 0.01 spl 0.51 kl 0.0146 lr 4.0e-04 std 0.36
it  100  0.20M sps  218 rew 0.108 lvl 0.46/0.60 succ 0.52 coll 0.46 (dyn 0.01) fell 0.01 to 0.01 spl 0.48 kl 0.0140 lr 4.0e-04 std 0.36
it  105  0.22M sps  220 rew 0.154 lvl 0.48/0.65 succ 0.53 coll 0.45 (dyn 0.01) fell 0.01 to 0.01 spl 0.49 kl 0.0148 lr 2.7e-04 std 0.36
it  110  0.23M sps  221 rew 0.106 lvl 0.51/0.70 succ 0.58 coll 0.41 (dyn 0.01) fell 0.01 to 0.01 spl 0.54 kl 0.0175 lr 2.7e-04 std 0.35
it  115  0.24M sps  222 rew 0.114 lvl 0.51/0.65 succ 0.57 coll 0.41 (dyn 0.02) fell 0.01 to 0.01 spl 0.53 kl 0.0173 lr 2.7e-04 std 0.35
it  120  0.25M sps  224 rew 0.121 lvl 0.50/0.65 succ 0.53 coll 0.44 (dyn 0.02) fell 0.01 to 0.02 spl 0.49 kl 0.0142 lr 4.0e-04 std 0.35
it  125  0.26M sps  225 rew 0.017 lvl 0.47/0.60 succ 0.49 coll 0.47 (dyn 0.01) fell 0.01 to 0.03 spl 0.45 kl 0.0137 lr 4.0e-04 std 0.35
it  130  0.27M sps  226 rew 0.077 lvl 0.44/0.60 succ 0.50 coll 0.48 (dyn 0.02) fell 0.01 to 0.01 spl 0.46 kl 0.0085 lr 4.0e-04 std 0.35
it  135  0.28M sps  227 rew 0.108 lvl 0.45/0.60 succ 0.54 coll 0.45 (dyn 0.02) fell 0.01 to 0.01 spl 0.49 kl 0.0124 lr 2.7e-04 std 0.35
it  140  0.29M sps  228 rew 0.065 lvl 0.47/0.65 succ 0.58 coll 0.40 (dyn 0.03) fell 0.01 to 0.01 spl 0.53 kl 0.0183 lr 1.8e-04 std 0.35
it  145  0.30M sps  230 rew 0.107 lvl 0.50/0.70 succ 0.57 coll 0.40 (dyn 0.02) fell 0.01 to 0.02 spl 0.51 kl 0.0110 lr 2.7e-04 std 0.34
it  150  0.31M sps  230 rew 0.159 lvl 0.52/0.70 succ 0.57 coll 0.39 (dyn 0.02) fell 0.01 to 0.03 spl 0.52 kl 0.0151 lr 4.0e-04 std 0.34
it  155  0.32M sps  231 rew 0.124 lvl 0.49/0.60 succ 0.55 coll 0.43 (dyn 0.01) fell 0.01 to 0.01 spl 0.51 kl 0.0115 lr 6.0e-04 std 0.34
it  160  0.33M sps  231 rew 0.144 lvl 0.50/0.60 succ 0.53 coll 0.45 (dyn 0.01) fell 0.01 to 0.01 spl 0.49 kl 0.0137 lr 4.0e-04 std 0.34
it  165  0.34M sps  232 rew 0.062 lvl 0.49/0.65 succ 0.55 coll 0.43 (dyn 0.01) fell 0.01 to 0.01 spl 0.50 kl 0.0147 lr 4.0e-04 std 0.34
it  170  0.35M sps  233 rew 0.041 lvl 0.51/0.70 succ 0.56 coll 0.42 (dyn 0.01) fell 0.01 to 0.01 spl 0.51 kl 0.0172 lr 1.8e-04 std 0.34
it  175  0.36M sps  234 rew 0.171 lvl 0.51/0.75 succ 0.54 coll 0.42 (dyn 0.02) fell 0.02 to 0.01 spl 0.50 kl 0.0169 lr 2.7e-04 std 0.34
it  180  0.37M sps  235 rew 0.074 lvl 0.53/0.70 succ 0.56 coll 0.40 (dyn 0.01) fell 0.01 to 0.03 spl 0.53 kl 0.0087 lr 4.0e-04 std 0.34
it  185  0.38M sps  236 rew 0.158 lvl 0.54/0.70 succ 0.58 coll 0.38 (dyn 0.02) fell 0.01 to 0.04 spl 0.54 kl 0.0128 lr 2.7e-04 std 0.34
it  190  0.39M sps  236 rew 0.137 lvl 0.56/0.70 succ 0.60 coll 0.36 (dyn 0.02) fell 0.01 to 0.03 spl 0.56 kl 0.0087 lr 2.7e-04 std 0.33
it  195  0.40M sps  237 rew 0.074 lvl 0.56/0.70 succ 0.57 coll 0.40 (dyn 0.03) fell 0.00 to 0.03 spl 0.54 kl 0.0113 lr 6.0e-04 std 0.33
it  200  0.41M sps  237 rew 0.098 lvl 0.55/0.70 succ 0.56 coll 0.41 (dyn 0.03) fell 0.00 to 0.04 spl 0.52 kl 0.0164 lr 2.7e-04 std 0.34
it  205  0.42M sps  239 rew 0.038 lvl 0.55/0.70 succ 0.53 coll 0.42 (dyn 0.02) fell 0.00 to 0.04 spl 0.49 kl 0.0152 lr 4.0e-04 std 0.33
it  210  0.43M sps  239 rew 0.072 lvl 0.55/0.70 succ 0.53 coll 0.41 (dyn 0.02) fell 0.01 to 0.05 spl 0.48 kl 0.0175 lr 2.7e-04 std 0.33
it  215  0.44M sps  240 rew 0.079 lvl 0.54/0.70 succ 0.52 coll 0.43 (dyn 0.02) fell 0.01 to 0.04 spl 0.47 kl 0.0180 lr 2.7e-04 std 0.33
it  220  0.45M sps  241 rew 0.018 lvl 0.56/0.75 succ 0.54 coll 0.42 (dyn 0.03) fell 0.01 to 0.04 spl 0.49 kl 0.0159 lr 2.7e-04 std 0.33
it  225  0.46M sps  242 rew 0.024 lvl 0.58/0.70 succ 0.55 coll 0.41 (dyn 0.03) fell 0.01 to 0.04 spl 0.50 kl 0.0182 lr 2.7e-04 std 0.33
it  230  0.47M sps  243 rew 0.115 lvl 0.58/0.75 succ 0.56 coll 0.39 (dyn 0.04) fell 0.00 to 0.06 spl 0.51 kl 0.0121 lr 4.0e-04 std 0.33
it  235  0.48M sps  243 rew 0.055 lvl 0.61/0.80 succ 0.55 coll 0.38 (dyn 0.02) fell 0.01 to 0.06 spl 0.51 kl 0.0115 lr 4.0e-04 std 0.33
it  240  0.49M sps  244 rew 0.057 lvl 0.60/0.80 succ 0.53 coll 0.41 (dyn 0.01) fell 0.00 to 0.06 spl 0.49 kl 0.0143 lr 1.8e-04 std 0.33
it  245  0.50M sps  244 rew 0.069 lvl 0.58/0.75 succ 0.53 coll 0.42 (dyn 0.01) fell 0.00 to 0.05 spl 0.49 kl 0.0152 lr 2.7e-04 std 0.33
it  250  0.51M sps  244 rew 0.028 lvl 0.57/0.75 succ 0.51 coll 0.45 (dyn 0.01) fell 0.01 to 0.04 spl 0.47 kl 0.0096 lr 2.7e-04 std 0.33
it  255  0.52M sps  245 rew 0.052 lvl 0.59/0.75 succ 0.50 coll 0.43 (dyn 0.02) fell 0.01 to 0.06 spl 0.46 kl 0.0114 lr 4.0e-04 std 0.32
it  260  0.53M sps  245 rew 0.064 lvl 0.58/0.75 succ 0.50 coll 0.42 (dyn 0.02) fell 0.01 to 0.07 spl 0.45 kl 0.0143 lr 2.7e-04 std 0.32
it  265  0.54M sps  245 rew 0.029 lvl 0.58/0.75 succ 0.52 coll 0.41 (dyn 0.01) fell 0.01 to 0.06 spl 0.47 kl 0.0140 lr 2.7e-04 std 0.32
it  270  0.55M sps  246 rew 0.067 lvl 0.57/0.75 succ 0.51 coll 0.42 (dyn 0.01) fell 0.01 to 0.07 spl 0.46 kl 0.0189 lr 2.7e-04 std 0.32
it  275  0.56M sps  246 rew 0.082 lvl 0.54/0.70 succ 0.49 coll 0.45 (dyn 0.01) fell 0.01 to 0.06 spl 0.45 kl 0.0185 lr 2.7e-04 std 0.32
it  280  0.57M sps  247 rew 0.049 lvl 0.55/0.75 succ 0.49 coll 0.46 (dyn 0.02) fell 0.00 to 0.05 spl 0.45 kl 0.0133 lr 1.8e-04 std 0.32
it  285  0.58M sps  247 rew 0.062 lvl 0.54/0.75 succ 0.51 coll 0.46 (dyn 0.02) fell 0.01 to 0.03 spl 0.45 kl 0.0106 lr 2.7e-04 std 0.31
it  290  0.59M sps  247 rew 0.089 lvl 0.55/0.75 succ 0.54 coll 0.43 (dyn 0.03) fell 0.00 to 0.03 spl 0.47 kl 0.0122 lr 2.7e-04 std 0.31
it  295  0.60M sps  248 rew 0.082 lvl 0.55/0.75 succ 0.55 coll 0.41 (dyn 0.02) fell 0.01 to 0.04 spl 0.49 kl 0.0183 lr 1.2e-04 std 0.31
it  300  0.61M sps  248 rew 0.116 lvl 0.56/0.75 succ 0.55 coll 0.40 (dyn 0.01) fell 0.01 to 0.05 spl 0.49 kl 0.0143 lr 2.7e-04 std 0.31
it  305  0.62M sps  249 rew 0.072 lvl 0.58/0.75 succ 0.55 coll 0.38 (dyn 0.01) fell 0.02 to 0.05 spl 0.50 kl 0.0114 lr 4.0e-04 std 0.30
it  310  0.63M sps  249 rew 0.122 lvl 0.56/0.75 succ 0.54 coll 0.41 (dyn 0.01) fell 0.02 to 0.04 spl 0.48 kl 0.0123 lr 4.0e-04 std 0.30
it  315  0.65M sps  249 rew 0.074 lvl 0.58/0.70 succ 0.52 coll 0.43 (dyn 0.01) fell 0.01 to 0.03 spl 0.47 kl 0.0165 lr 7.9e-05 std 0.30
it  320  0.66M sps  249 rew 0.130 lvl 0.60/0.75 succ 0.56 coll 0.40 (dyn 0.01) fell 0.01 to 0.03 spl 0.50 kl 0.0141 lr 1.8e-04 std 0.30
it  325  0.67M sps  250 rew 0.077 lvl 0.61/0.75 succ 0.58 coll 0.39 (dyn 0.02) fell 0.01 to 0.03 spl 0.52 kl 0.0115 lr 4.0e-04 std 0.30
it  330  0.68M sps  250 rew 0.093 lvl 0.64/0.75 succ 0.59 coll 0.37 (dyn 0.02) fell 0.01 to 0.03 spl 0.55 kl 0.0166 lr 1.2e-04 std 0.30
it  335  0.69M sps  250 rew 0.070 lvl 0.66/0.80 succ 0.58 coll 0.37 (dyn 0.02) fell 0.01 to 0.04 spl 0.54 kl 0.0150 lr 1.8e-04 std 0.30
it  340  0.70M sps  250 rew 0.013 lvl 0.66/0.85 succ 0.57 coll 0.39 (dyn 0.02) fell 0.01 to 0.04 spl 0.53 kl 0.0120 lr 4.0e-04 std 0.30
it  345  0.71M sps  251 rew 0.094 lvl 0.64/0.80 succ 0.54 coll 0.41 (dyn 0.03) fell 0.01 to 0.04 spl 0.50 kl 0.0112 lr 1.8e-04 std 0.30
it  350  0.72M sps  251 rew 0.055 lvl 0.65/0.85 succ 0.52 coll 0.42 (dyn 0.03) fell 0.01 to 0.05 spl 0.48 kl 0.0094 lr 2.7e-04 std 0.30
it  355  0.73M sps  251 rew 0.022 lvl 0.66/0.85 succ 0.51 coll 0.41 (dyn 0.03) fell 0.02 to 0.06 spl 0.48 kl 0.0121 lr 2.7e-04 std 0.30
it  360  0.74M sps  252 rew 0.017 lvl 0.66/0.90 succ 0.53 coll 0.40 (dyn 0.03) fell 0.01 to 0.06 spl 0.49 kl 0.0127 lr 2.7e-04 std 0.29
it  365  0.75M sps  253 rew 0.079 lvl 0.66/0.80 succ 0.54 coll 0.37 (dyn 0.03) fell 0.02 to 0.07 spl 0.50 kl 0.0193 lr 1.2e-04 std 0.29
it  370  0.76M sps  253 rew 0.027 lvl 0.66/0.80 succ 0.53 coll 0.38 (dyn 0.02) fell 0.02 to 0.08 spl 0.47 kl 0.0079 lr 1.8e-04 std 0.29
it  375  0.77M sps  254 rew 0.057 lvl 0.67/0.80 succ 0.52 coll 0.38 (dyn 0.03) fell 0.02 to 0.08 spl 0.46 kl 0.0090 lr 2.7e-04 std 0.29
it  380  0.78M sps  254 rew 0.061 lvl 0.66/0.80 succ 0.52 coll 0.39 (dyn 0.03) fell 0.02 to 0.07 spl 0.46 kl 0.0154 lr 2.7e-04 std 0.29
it  385  0.79M sps  254 rew 0.005 lvl 0.68/0.85 succ 0.54 coll 0.38 (dyn 0.03) fell 0.02 to 0.07 spl 0.48 kl 0.0106 lr 2.7e-04 std 0.28
it  390  0.80M sps  255 rew 0.030 lvl 0.67/0.80 succ 0.52 coll 0.40 (dyn 0.03) fell 0.01 to 0.07 spl 0.47 kl 0.0131 lr 2.7e-04 std 0.28
it  395  0.81M sps  255 rew 0.112 lvl 0.67/0.85 succ 0.53 coll 0.40 (dyn 0.03) fell 0.01 to 0.07 spl 0.49 kl 0.0156 lr 1.8e-04 std 0.28
it  400  0.82M sps  255 rew 0.102 lvl 0.68/0.80 succ 0.54 coll 0.39 (dyn 0.03) fell 0.01 to 0.07 spl 0.49 kl 0.0199 lr 1.8e-04 std 0.28
it  405  0.83M sps  255 rew 0.067 lvl 0.66/0.80 succ 0.53 coll 0.41 (dyn 0.04) fell 0.01 to 0.06 spl 0.48 kl 0.0122 lr 4.0e-04 std 0.28
it  410  0.84M sps  256 rew 0.064 lvl 0.64/0.75 succ 0.51 coll 0.43 (dyn 0.05) fell 0.01 to 0.05 spl 0.46 kl 0.0115 lr 2.7e-04 std 0.28
it  415  0.85M sps  256 rew 0.119 lvl 0.64/0.80 succ 0.51 coll 0.44 (dyn 0.06) fell 0.01 to 0.04 spl 0.45 kl 0.0104 lr 2.7e-04 std 0.28
it  420  0.86M sps  256 rew 0.018 lvl 0.63/0.75 succ 0.50 coll 0.45 (dyn 0.05) fell 0.01 to 0.04 spl 0.45 kl 0.0139 lr 2.7e-04 std 0.28
it  425  0.87M sps  256 rew 0.086 lvl 0.63/0.75 succ 0.50 coll 0.45 (dyn 0.06) fell 0.01 to 0.04 spl 0.45 kl 0.0078 lr 1.8e-04 std 0.28
it  430  0.88M sps  256 rew 0.078 lvl 0.62/0.75 succ 0.51 coll 0.44 (dyn 0.04) fell 0.01 to 0.05 spl 0.45 kl 0.0103 lr 2.7e-04 std 0.28
it  435  0.89M sps  257 rew -0.009 lvl 0.62/0.85 succ 0.50 coll 0.44 (dyn 0.03) fell 0.01 to 0.05 spl 0.44 kl 0.0101 lr 4.0e-04 std 0.28
it  440  0.90M sps  257 rew 0.065 lvl 0.63/0.85 succ 0.52 coll 0.40 (dyn 0.03) fell 0.01 to 0.07 spl 0.46 kl 0.0191 lr 1.2e-04 std 0.27
it  445  0.91M sps  257 rew 0.104 lvl 0.65/0.85 succ 0.53 coll 0.39 (dyn 0.04) fell 0.01 to 0.07 spl 0.46 kl 0.0135 lr 1.2e-04 std 0.27
it  450  0.92M sps  258 rew 0.056 lvl 0.65/0.85 succ 0.54 coll 0.38 (dyn 0.04) fell 0.01 to 0.07 spl 0.48 kl 0.0152 lr 2.7e-04 std 0.27
it  455  0.93M sps  258 rew -0.002 lvl 0.68/0.85 succ 0.55 coll 0.35 (dyn 0.03) fell 0.01 to 0.08 spl 0.49 kl 0.0078 lr 2.7e-04 std 0.27
it  460  0.94M sps  258 rew 0.002 lvl 0.67/0.85 succ 0.54 coll 0.36 (dyn 0.03) fell 0.02 to 0.08 spl 0.47 kl 0.0171 lr 1.8e-04 std 0.27
it  465  0.95M sps  258 rew 0.082 lvl 0.66/0.85 succ 0.54 coll 0.37 (dyn 0.02) fell 0.01 to 0.08 spl 0.47 kl 0.0095 lr 2.7e-04 std 0.27
it  470  0.96M sps  259 rew 0.031 lvl 0.67/0.85 succ 0.55 coll 0.35 (dyn 0.01) fell 0.02 to 0.08 spl 0.49 kl 0.0122 lr 4.0e-04 std 0.27
it  475  0.97M sps  259 rew 0.032 lvl 0.67/0.85 succ 0.51 coll 0.38 (dyn 0.01) fell 0.02 to 0.10 spl 0.45 kl 0.0147 lr 2.7e-04 std 0.27
it  480  0.98M sps  259 rew -0.018 lvl 0.67/0.85 succ 0.51 coll 0.39 (dyn 0.02) fell 0.01 to 0.09 spl 0.46 kl 0.0083 lr 2.7e-04 std 0.26
it  485  0.99M sps  260 rew 0.017 lvl 0.67/0.85 succ 0.51 coll 0.38 (dyn 0.03) fell 0.01 to 0.10 spl 0.47 kl 0.0091 lr 2.7e-04 std 0.26
it  490  1.00M sps  260 rew 0.037 lvl 0.66/0.85 succ 0.48 coll 0.40 (dyn 0.04) fell 0.01 to 0.10 spl 0.44 kl 0.0109 lr 1.8e-04 std 0.26
it  495  1.01M sps  260 rew 0.031 lvl 0.67/0.80 succ 0.49 coll 0.40 (dyn 0.06) fell 0.01 to 0.10 spl 0.45 kl 0.0098 lr 2.7e-04 std 0.26
it  500  1.02M sps  261 rew 0.052 lvl 0.65/0.80 succ 0.49 coll 0.40 (dyn 0.05) fell 0.01 to 0.10 spl 0.45 kl 0.0147 lr 1.8e-04 std 0.26
it  505  1.03M sps  261 rew 0.081 lvl 0.66/0.80 succ 0.48 coll 0.40 (dyn 0.05) fell 0.01 to 0.10 spl 0.44 kl 0.0105 lr 2.7e-04 std 0.26
it  510  1.04M sps  261 rew 0.006 lvl 0.67/0.85 succ 0.49 coll 0.39 (dyn 0.05) fell 0.01 to 0.10 spl 0.45 kl 0.0079 lr 2.7e-04 std 0.26
it  515  1.05M sps  261 rew 0.058 lvl 0.67/0.85 succ 0.51 coll 0.38 (dyn 0.04) fell 0.01 to 0.11 spl 0.46 kl 0.0088 lr 2.7e-04 std 0.26
it  520  1.06M sps  261 rew 0.034 lvl 0.67/0.85 succ 0.50 coll 0.38 (dyn 0.03) fell 0.01 to 0.11 spl 0.45 kl 0.0164 lr 2.7e-04 std 0.26
it  525  1.08M sps  261 rew 0.046 lvl 0.69/0.90 succ 0.54 coll 0.37 (dyn 0.03) fell 0.01 to 0.09 spl 0.48 kl 0.0099 lr 2.7e-04 std 0.25
it  530  1.09M sps  261 rew 0.019 lvl 0.69/0.85 succ 0.53 coll 0.38 (dyn 0.03) fell 0.01 to 0.09 spl 0.46 kl 0.0148 lr 2.7e-04 std 0.25
it  535  1.10M sps  262 rew 0.111 lvl 0.69/0.85 succ 0.53 coll 0.38 (dyn 0.03) fell 0.01 to 0.08 spl 0.47 kl 0.0106 lr 2.7e-04 std 0.25
it  540  1.11M sps  262 rew 0.043 lvl 0.71/0.85 succ 0.54 coll 0.38 (dyn 0.03) fell 0.01 to 0.07 spl 0.48 kl 0.0112 lr 2.7e-04 std 0.25
it  545  1.12M sps  262 rew 0.084 lvl 0.68/0.81 succ 0.51 coll 0.41 (dyn 0.03) fell 0.01 to 0.08 spl 0.45 kl 0.0124 lr 4.0e-04 std 0.25
it  550  1.13M sps  262 rew 0.117 lvl 0.68/0.90 succ 0.52 coll 0.42 (dyn 0.03) fell 0.01 to 0.05 spl 0.46 kl 0.0129 lr 1.8e-04 std 0.25
it  555  1.14M sps  262 rew 0.097 lvl 0.66/0.85 succ 0.49 coll 0.45 (dyn 0.03) fell 0.01 to 0.06 spl 0.43 kl 0.0138 lr 1.8e-04 std 0.25
it  560  1.15M sps  262 rew 0.077 lvl 0.66/0.85 succ 0.50 coll 0.45 (dyn 0.03) fell 0.01 to 0.05 spl 0.44 kl 0.0093 lr 2.7e-04 std 0.25
it  565  1.16M sps  262 rew 0.103 lvl 0.67/0.85 succ 0.52 coll 0.43 (dyn 0.02) fell 0.01 to 0.05 spl 0.46 kl 0.0106 lr 4.0e-04 std 0.25
it  570  1.17M sps  262 rew 0.051 lvl 0.65/0.85 succ 0.53 coll 0.43 (dyn 0.02) fell 0.01 to 0.04 spl 0.47 kl 0.0093 lr 2.7e-04 std 0.24
it  575  1.18M sps  262 rew 0.160 lvl 0.62/0.75 succ 0.51 coll 0.45 (dyn 0.02) fell 0.01 to 0.03 spl 0.46 kl 0.0141 lr 2.7e-04 std 0.24
it  580  1.19M sps  262 rew 0.130 lvl 0.64/0.80 succ 0.52 coll 0.45 (dyn 0.03) fell 0.01 to 0.02 spl 0.47 kl 0.0144 lr 1.8e-04 std 0.24
it  585  1.20M sps  262 rew 0.073 lvl 0.64/0.80 succ 0.54 coll 0.42 (dyn 0.03) fell 0.01 to 0.02 spl 0.49 kl 0.0110 lr 1.8e-04 std 0.24
it  590  1.21M sps  262 rew 0.149 lvl 0.65/0.85 succ 0.57 coll 0.39 (dyn 0.03) fell 0.01 to 0.04 spl 0.51 kl 0.0095 lr 2.7e-04 std 0.24
it  595  1.22M sps  262 rew 0.120 lvl 0.66/0.90 succ 0.57 coll 0.39 (dyn 0.02) fell 0.00 to 0.05 spl 0.50 kl 0.0154 lr 1.8e-04 std 0.24
it  600  1.23M sps  262 rew 0.048 lvl 0.65/0.85 succ 0.56 coll 0.40 (dyn 0.01) fell 0.00 to 0.04 spl 0.49 kl 0.0131 lr 2.7e-04 std 0.24
it  605  1.24M sps  262 rew 0.043 lvl 0.65/0.85 succ 0.53 coll 0.43 (dyn 0.03) fell 0.01 to 0.04 spl 0.47 kl 0.0150 lr 1.8e-04 std 0.24
it  610  1.25M sps  262 rew 0.089 lvl 0.66/0.90 succ 0.53 coll 0.43 (dyn 0.04) fell 0.01 to 0.04 spl 0.48 kl 0.0129 lr 4.0e-04 std 0.24
it  615  1.26M sps  263 rew 0.108 lvl 0.65/0.80 succ 0.54 coll 0.41 (dyn 0.04) fell 0.02 to 0.04 spl 0.49 kl 0.0138 lr 2.7e-04 std 0.24
it  620  1.27M sps  263 rew 0.025 lvl 0.66/0.85 succ 0.53 coll 0.40 (dyn 0.03) fell 0.03 to 0.04 spl 0.49 kl 0.0081 lr 2.7e-04 std 0.24
it  625  1.28M sps  263 rew 0.037 lvl 0.65/0.80 succ 0.52 coll 0.41 (dyn 0.03) fell 0.02 to 0.05 spl 0.48 kl 0.0150 lr 4.0e-04 std 0.24
it  630  1.29M sps  263 rew 0.003 lvl 0.67/0.85 succ 0.52 coll 0.40 (dyn 0.03) fell 0.02 to 0.06 spl 0.47 kl 0.0087 lr 2.7e-04 std 0.24
it  635  1.30M sps  263 rew 0.107 lvl 0.67/0.85 succ 0.53 coll 0.39 (dyn 0.03) fell 0.01 to 0.07 spl 0.47 kl 0.0207 lr 1.8e-04 std 0.24
it  640  1.31M sps  263 rew 0.082 lvl 0.65/0.90 succ 0.52 coll 0.41 (dyn 0.04) fell 0.01 to 0.06 spl 0.45 kl 0.0194 lr 1.8e-04 std 0.24
it  645  1.32M sps  263 rew 0.128 lvl 0.65/0.80 succ 0.52 coll 0.42 (dyn 0.04) fell 0.01 to 0.04 spl 0.46 kl 0.0174 lr 1.2e-04 std 0.24
it  650  1.33M sps  263 rew 0.105 lvl 0.68/0.85 succ 0.54 coll 0.41 (dyn 0.04) fell 0.01 to 0.04 spl 0.48 kl 0.0112 lr 2.7e-04 std 0.24
it  655  1.34M sps  264 rew 0.051 lvl 0.69/0.85 succ 0.57 coll 0.39 (dyn 0.03) fell 0.01 to 0.04 spl 0.51 kl 0.0157 lr 1.8e-04 std 0.24
it  660  1.35M sps  264 rew 0.082 lvl 0.70/0.90 succ 0.58 coll 0.35 (dyn 0.03) fell 0.01 to 0.06 spl 0.52 kl 0.0164 lr 1.8e-04 std 0.24
it  665  1.36M sps  264 rew 0.074 lvl 0.68/0.85 succ 0.53 coll 0.39 (dyn 0.04) fell 0.01 to 0.07 spl 0.48 kl 0.0147 lr 1.8e-04 std 0.24
it  670  1.37M sps  264 rew 0.077 lvl 0.66/0.80 succ 0.50 coll 0.42 (dyn 0.04) fell 0.01 to 0.07 spl 0.45 kl 0.0114 lr 4.0e-04 std 0.24
it  675  1.38M sps  264 rew 0.073 lvl 0.65/0.80 succ 0.49 coll 0.46 (dyn 0.04) fell 0.01 to 0.05 spl 0.45 kl 0.0141 lr 1.8e-04 std 0.24
it  680  1.39M sps  264 rew 0.044 lvl 0.65/0.80 succ 0.52 coll 0.44 (dyn 0.03) fell 0.01 to 0.03 spl 0.47 kl 0.0127 lr 4.0e-04 std 0.24
it  685  1.40M sps  264 rew 0.104 lvl 0.66/0.80 succ 0.53 coll 0.42 (dyn 0.03) fell 0.01 to 0.04 spl 0.47 kl 0.0148 lr 2.7e-04 std 0.24
it  690  1.41M sps  264 rew 0.048 lvl 0.66/0.80 succ 0.52 coll 0.42 (dyn 0.03) fell 0.01 to 0.05 spl 0.46 kl 0.0117 lr 2.7e-04 std 0.23
it  695  1.42M sps  264 rew 0.109 lvl 0.65/0.80 succ 0.51 coll 0.42 (dyn 0.03) fell 0.01 to 0.06 spl 0.46 kl 0.0102 lr 2.7e-04 std 0.23
it  700  1.43M sps  263 rew 0.132 lvl 0.67/0.80 succ 0.53 coll 0.40 (dyn 0.03) fell 0.01 to 0.06 spl 0.47 kl 0.0182 lr 1.8e-04 std 0.23
it  705  1.44M sps  263 rew 0.039 lvl 0.67/0.85 succ 0.53 coll 0.42 (dyn 0.04) fell 0.01 to 0.04 spl 0.48 kl 0.0122 lr 2.7e-04 std 0.23
it  710  1.45M sps  263 rew 0.096 lvl 0.67/0.85 succ 0.53 coll 0.41 (dyn 0.04) fell 0.01 to 0.05 spl 0.47 kl 0.0134 lr 1.8e-04 std 0.23
it  715  1.46M sps  263 rew 0.069 lvl 0.69/0.85 succ 0.54 coll 0.40 (dyn 0.04) fell 0.01 to 0.06 spl 0.49 kl 0.0158 lr 1.8e-04 std 0.23
it  720  1.47M sps  263 rew 0.026 lvl 0.68/0.90 succ 0.51 coll 0.42 (dyn 0.04) fell 0.01 to 0.06 spl 0.47 kl 0.0101 lr 2.7e-04 std 0.23
it  725  1.48M sps  263 rew 0.142 lvl 0.67/0.85 succ 0.52 coll 0.39 (dyn 0.02) fell 0.01 to 0.08 spl 0.48 kl 0.0212 lr 1.8e-04 std 0.23
it  730  1.50M sps  263 rew 0.104 lvl 0.67/0.85 succ 0.52 coll 0.41 (dyn 0.03) fell 0.01 to 0.07 spl 0.47 kl 0.0089 lr 2.7e-04 std 0.23
it  735  1.51M sps  263 rew 0.099 lvl 0.66/0.80 succ 0.50 coll 0.43 (dyn 0.03) fell 0.01 to 0.06 spl 0.45 kl 0.0135 lr 2.7e-04 std 0.23
it  740  1.52M sps  263 rew 0.012 lvl 0.65/0.85 succ 0.51 coll 0.45 (dyn 0.02) fell 0.01 to 0.04 spl 0.45 kl 0.0113 lr 2.7e-04 std 0.23
it  745  1.53M sps  263 rew 0.045 lvl 0.62/0.80 succ 0.49 coll 0.46 (dyn 0.02) fell 0.01 to 0.04 spl 0.45 kl 0.0130 lr 2.7e-04 std 0.23
it  750  1.54M sps  264 rew 0.020 lvl 0.64/0.85 succ 0.49 coll 0.45 (dyn 0.02) fell 0.01 to 0.05 spl 0.44 kl 0.0148 lr 1.8e-04 std 0.22
it  755  1.55M sps  264 rew 0.080 lvl 0.61/0.80 succ 0.49 coll 0.43 (dyn 0.01) fell 0.01 to 0.07 spl 0.45 kl 0.0154 lr 1.2e-04 std 0.22
it  760  1.56M sps  264 rew 0.085 lvl 0.60/0.85 succ 0.49 coll 0.45 (dyn 0.03) fell 0.01 to 0.06 spl 0.43 kl 0.0109 lr 2.7e-04 std 0.22
it  765  1.57M sps  264 rew 0.162 lvl 0.62/0.85 succ 0.51 coll 0.43 (dyn 0.03) fell 0.01 to 0.05 spl 0.45 kl 0.0112 lr 2.7e-04 std 0.22
it  770  1.58M sps  264 rew 0.074 lvl 0.65/0.80 succ 0.56 coll 0.40 (dyn 0.03) fell 0.00 to 0.04 spl 0.49 kl 0.0129 lr 1.2e-04 std 0.22
it  775  1.59M sps  264 rew 0.018 lvl 0.66/0.85 succ 0.56 coll 0.39 (dyn 0.03) fell 0.01 to 0.04 spl 0.50 kl 0.0174 lr 1.8e-04 std 0.22
it  780  1.60M sps  264 rew 0.075 lvl 0.67/0.85 succ 0.57 coll 0.37 (dyn 0.01) fell 0.01 to 0.05 spl 0.51 kl 0.0176 lr 1.2e-04 std 0.22
it  785  1.61M sps  264 rew 0.026 lvl 0.68/0.90 succ 0.54 coll 0.40 (dyn 0.02) fell 0.01 to 0.05 spl 0.48 kl 0.0153 lr 1.8e-04 std 0.22
it  790  1.62M sps  264 rew 0.058 lvl 0.69/0.85 succ 0.55 coll 0.38 (dyn 0.02) fell 0.02 to 0.06 spl 0.50 kl 0.0095 lr 2.7e-04 std 0.22
it  795  1.63M sps  264 rew 0.098 lvl 0.68/0.85 succ 0.54 coll 0.37 (dyn 0.03) fell 0.01 to 0.07 spl 0.49 kl 0.0099 lr 2.7e-04 std 0.22
it  800  1.64M sps  264 rew 0.014 lvl 0.69/0.85 succ 0.54 coll 0.38 (dyn 0.04) fell 0.01 to 0.07 spl 0.48 kl 0.0094 lr 1.8e-04 std 0.22
it  805  1.65M sps  264 rew 0.024 lvl 0.71/0.85 succ 0.53 coll 0.38 (dyn 0.05) fell 0.01 to 0.09 spl 0.46 kl 0.0175 lr 1.2e-04 std 0.22
it  810  1.66M sps  264 rew 0.040 lvl 0.71/0.90 succ 0.54 coll 0.36 (dyn 0.05) fell 0.01 to 0.10 spl 0.46 kl 0.0123 lr 1.2e-04 std 0.22
it  815  1.67M sps  264 rew 0.045 lvl 0.72/0.90 succ 0.55 coll 0.34 (dyn 0.04) fell 0.01 to 0.10 spl 0.47 kl 0.0161 lr 1.8e-04 std 0.22
it  820  1.68M sps  264 rew 0.063 lvl 0.74/0.90 succ 0.56 coll 0.34 (dyn 0.04) fell 0.01 to 0.10 spl 0.48 kl 0.0175 lr 1.2e-04 std 0.21
it  825  1.69M sps  264 rew 0.081 lvl 0.75/0.90 succ 0.56 coll 0.33 (dyn 0.04) fell 0.01 to 0.10 spl 0.48 kl 0.0136 lr 1.2e-04 std 0.21
it  830  1.70M sps  264 rew 0.043 lvl 0.75/0.90 succ 0.56 coll 0.32 (dyn 0.04) fell 0.01 to 0.10 spl 0.48 kl 0.0130 lr 2.7e-04 std 0.21
it  835  1.71M sps  264 rew 0.076 lvl 0.76/0.90 succ 0.56 coll 0.34 (dyn 0.03) fell 0.01 to 0.10 spl 0.48 kl 0.0148 lr 7.9e-05 std 0.21
it  840  1.72M sps  264 rew 0.081 lvl 0.78/0.95 succ 0.56 coll 0.33 (dyn 0.04) fell 0.01 to 0.10 spl 0.49 kl 0.0072 lr 1.8e-04 std 0.21
it  845  1.73M sps  264 rew 0.057 lvl 0.80/0.95 succ 0.56 coll 0.34 (dyn 0.04) fell 0.01 to 0.09 spl 0.50 kl 0.0119 lr 4.0e-04 std 0.21
it  850  1.74M sps  264 rew 0.024 lvl 0.81/0.95 succ 0.56 coll 0.34 (dyn 0.04) fell 0.01 to 0.09 spl 0.50 kl 0.0114 lr 1.2e-04 std 0.21
it  855  1.75M sps  263 rew 0.041 lvl 0.80/0.95 succ 0.55 coll 0.36 (dyn 0.04) fell 0.01 to 0.09 spl 0.48 kl 0.0058 lr 1.8e-04 std 0.21
it  860  1.76M sps  264 rew 0.015 lvl 0.80/0.95 succ 0.54 coll 0.36 (dyn 0.05) fell 0.01 to 0.10 spl 0.47 kl 0.0144 lr 1.8e-04 std 0.21
it  865  1.77M sps  264 rew 0.001 lvl 0.78/0.95 succ 0.52 coll 0.38 (dyn 0.04) fell 0.01 to 0.10 spl 0.46 kl 0.0117 lr 2.7e-04 std 0.21
it  870  1.78M sps  263 rew 0.064 lvl 0.76/0.95 succ 0.48 coll 0.41 (dyn 0.04) fell 0.01 to 0.10 spl 0.42 kl 0.0118 lr 1.8e-04 std 0.21
it  875  1.79M sps  264 rew 0.055 lvl 0.77/0.90 succ 0.48 coll 0.41 (dyn 0.04) fell 0.01 to 0.10 spl 0.42 kl 0.0108 lr 1.8e-04 std 0.21
it  880  1.80M sps  264 rew 0.006 lvl 0.78/0.90 succ 0.49 coll 0.41 (dyn 0.04) fell 0.01 to 0.09 spl 0.43 kl 0.0114 lr 2.7e-04 std 0.21
it  885  1.81M sps  263 rew 0.039 lvl 0.79/0.95 succ 0.51 coll 0.39 (dyn 0.03) fell 0.01 to 0.10 spl 0.44 kl 0.0137 lr 1.8e-04 std 0.21
it  890  1.82M sps  263 rew 0.072 lvl 0.80/0.95 succ 0.53 coll 0.36 (dyn 0.03) fell 0.01 to 0.10 spl 0.46 kl 0.0092 lr 2.7e-04 std 0.21
it  895  1.83M sps  263 rew 0.021 lvl 0.79/0.95 succ 0.53 coll 0.35 (dyn 0.03) fell 0.01 to 0.10 spl 0.46 kl 0.0125 lr 2.7e-04 std 0.21
it  900  1.84M sps  263 rew 0.031 lvl 0.76/0.95 succ 0.50 coll 0.37 (dyn 0.04) fell 0.02 to 0.11 spl 0.44 kl 0.0166 lr 7.9e-05 std 0.21
it  905  1.85M sps  264 rew 0.053 lvl 0.77/0.95 succ 0.51 coll 0.36 (dyn 0.05) fell 0.02 to 0.11 spl 0.45 kl 0.0159 lr 1.8e-04 std 0.21
it  910  1.86M sps  264 rew 0.036 lvl 0.77/0.90 succ 0.49 coll 0.37 (dyn 0.05) fell 0.03 to 0.11 spl 0.43 kl 0.0201 lr 1.8e-04 std 0.21
it  915  1.87M sps  264 rew 0.079 lvl 0.77/0.90 succ 0.47 coll 0.40 (dyn 0.06) fell 0.03 to 0.11 spl 0.42 kl 0.0122 lr 1.8e-04 std 0.21
it  920  1.88M sps  264 rew 0.026 lvl 0.79/0.90 succ 0.50 coll 0.38 (dyn 0.06) fell 0.02 to 0.10 spl 0.45 kl 0.0118 lr 2.7e-04 std 0.21
it  925  1.89M sps  264 rew 0.135 lvl 0.77/0.90 succ 0.50 coll 0.40 (dyn 0.05) fell 0.01 to 0.10 spl 0.44 kl 0.0107 lr 2.7e-04 std 0.21
it  930  1.90M sps  264 rew 0.096 lvl 0.75/0.90 succ 0.50 coll 0.41 (dyn 0.04) fell 0.00 to 0.08 spl 0.44 kl 0.0080 lr 1.8e-04 std 0.21
it  935  1.91M sps  264 rew 0.009 lvl 0.75/0.90 succ 0.52 coll 0.41 (dyn 0.03) fell 0.00 to 0.07 spl 0.45 kl 0.0118 lr 1.8e-04 std 0.21
it  940  1.93M sps  264 rew 0.063 lvl 0.76/0.95 succ 0.50 coll 0.42 (dyn 0.03) fell 0.00 to 0.08 spl 0.44 kl 0.0128 lr 2.7e-04 std 0.21
it  945  1.94M sps  264 rew 0.072 lvl 0.75/0.90 succ 0.52 coll 0.41 (dyn 0.04) fell 0.00 to 0.07 spl 0.46 kl 0.0131 lr 1.8e-04 std 0.20
it  950  1.95M sps  264 rew 0.094 lvl 0.77/0.90 succ 0.53 coll 0.40 (dyn 0.04) fell 0.00 to 0.07 spl 0.48 kl 0.0111 lr 2.7e-04 std 0.20
it  955  1.96M sps  263 rew 0.035 lvl 0.78/0.90 succ 0.53 coll 0.40 (dyn 0.04) fell 0.00 to 0.08 spl 0.48 kl 0.0133 lr 2.7e-04 std 0.20
it  960  1.97M sps  263 rew 0.019 lvl 0.78/0.90 succ 0.52 coll 0.40 (dyn 0.04) fell 0.00 to 0.08 spl 0.48 kl 0.0153 lr 1.8e-04 std 0.20
it  965  1.98M sps  263 rew 0.081 lvl 0.76/0.90 succ 0.50 coll 0.40 (dyn 0.04) fell 0.01 to 0.09 spl 0.47 kl 0.0171 lr 1.8e-04 std 0.20
it  970  1.99M sps  263 rew 0.063 lvl 0.76/0.90 succ 0.52 coll 0.39 (dyn 0.04) fell 0.01 to 0.09 spl 0.48 kl 0.0085 lr 1.8e-04 std 0.20
it  975  2.00M sps  263 rew 0.057 lvl 0.80/0.95 succ 0.54 coll 0.37 (dyn 0.04) fell 0.01 to 0.09 spl 0.50 kl 0.0134 lr 1.8e-04 std 0.20
it  980  2.01M sps  261 rew 0.057 lvl 0.79/0.95 succ 0.53 coll 0.37 (dyn 0.05) fell 0.01 to 0.10 spl 0.48 kl 0.0157 lr 7.9e-05 std 0.20
it  985  2.02M sps  253 rew 0.047 lvl 0.81/0.95 succ 0.55 coll 0.34 (dyn 0.05) fell 0.01 to 0.10 spl 0.50 kl 0.0161 lr 1.8e-04 std 0.20
it  990  2.03M sps  252 rew 0.048 lvl 0.81/1.00 succ 0.56 coll 0.34 (dyn 0.05) fell 0.00 to 0.10 spl 0.50 kl 0.0122 lr 2.7e-04 std 0.20
it  995  2.04M sps  251 rew 0.038 lvl 0.81/1.00 succ 0.55 coll 0.34 (dyn 0.05) fell 0.00 to 0.11 spl 0.49 kl 0.0135 lr 1.8e-04 std 0.20
